=== A) held-out rollout bands (Te, 10 seeds, mean +- 2sd) ===
run fluid | band_w [K] | resid [K] | cover95 | cover99.7
1   EOHP  |    0.030   |  0.678   | 0.001   | 0.001
1   MOHP  |    0.014   |  0.304   | 0.021   | 0.036
1   WOHP  |    0.013   |  0.384   | 0.008   | 0.010
2   EOHP  |    0.049   |  0.255   | 0.239   | 0.335
2   MOHP  |    0.036   |  0.400   | 0.021   | 0.044
2   WOHP  |    0.038   |  0.402   | 0.027   | 0.038
3   EOHP  |    0.022   |  0.844   | 0.019   | 0.028
3   MOHP  |    0.034   |  0.801   | 0.030   | 0.048
3   WOHP  |    0.027   |  0.891   | 0.008   | 0.013

=== B) scenario bands: fold-None phys per seed (10 members) ===
case        | fluid | lag_K (95% CI)      | ripple (95% CI)     | dev_mae (95% CI)
A_ramp75_tau300 | EOHP  | [  3.96,  4.03]     | [  0.20,  0.20]     | [  3.97,  4.03]    
A_ramp75_tau300 | MOHP  | [  6.74,  6.78]     | [  0.25,  0.26]     | [  6.74,  6.78]    
A_ramp75_tau300 | WOHP  | [  8.05,  8.09]     | [  0.28,  0.28]     | [  8.05,  8.09]    
B_cyc75     | EOHP  | [  2.30,  2.34]     | [ 43.43, 43.56]     | [ 25.81, 25.85]    
B_cyc75     | MOHP  | [  3.91,  3.93]     | [ 40.60, 40.80]     | [ 27.41, 27.44]    
B_cyc75     | WOHP  | [  4.66,  4.69]     | [ 39.27, 39.50]     | [ 28.17, 28.20]    
C_slug75    | EOHP  | [  3.99,  4.06]     | [  3.42,  3.70]     | [  3.75,  3.82]    
C_slug75    | MOHP  | [  6.78,  6.82]     | [  2.62,  2.86]     | [  6.55,  6.58]    
C_slug75    | WOHP  | [  8.10,  8.15]     | [  2.35,  2.58]     | [  7.86,  7.91]    

wrote runs/outer/tier3_bands.csv
