=== A) per-run fits: const kappa vs kappa(Te)=k0*exp(beta*(Te-50)) ===
run fluid | k_const(1e-3) | k0(1e-3)  beta(1e-3) | RMSE const -> kTe   meanTe
1   EOHP  |   1.6203     |  1.6506   +0.005 | 0.147 -> 0.147   47.8
1   MOHP  |   0.9832     |  0.9875   +0.009 | 0.042 -> 0.042   46.6
1   WOHP  |   0.8679     |  0.8818   +0.026 | 0.119 -> 0.119   46.0
2   EOHP  |   1.2899     |  1.2766   -0.001 | 0.216 -> 0.216   57.9
2   MOHP  |   0.9347     |  0.9458   +0.001 | 0.081 -> 0.082   55.7
2   WOHP  |   0.9784     |  0.9871   +0.010 | 0.210 -> 0.210   54.6
3   EOHP  |   1.4553     |  1.4898   +0.013 | 0.344 -> 0.345   69.7
3   MOHP  |   1.3444     |   1.3311   +0.037 | 0.784 -> 0.784   66.3
3   WOHP  |   0.9376     |   0.9376   +0.041 | 0.332 -> 0.333   64.9

=== B) equal-coupling: plateau vessel dT (inner-outer) vs coupling dT ===
run fluid | <Ti-To> K (sd) | <Tv-Te> K | <Tv-Tc> K   (plateau = last 25%)
1   EOHP  |   0.694 (0.060) |   3.549  |  38.315
1   MOHP  |   0.694 (0.060) |   4.742  |  38.133
1   WOHP  |   0.694 (0.060) |   5.214  |  37.930
2   EOHP  |   0.764 (0.068) |   3.682  |  49.241
2   MOHP  |   0.764 (0.068) |   5.762  |  49.474
2   WOHP  |   0.764 (0.068) |   6.929  |  49.003
3   EOHP  |   1.259 (0.089) |   4.907  |  70.712
3   MOHP  |   1.259 (0.089) |   8.447  |  69.965
3   WOHP  |   1.259 (0.089) |   9.822  |  69.973
