=== A) per-(run,fluid) beta profiles: RMSE_Te(beta) with the other 5 params refit ===
run fluid | b=-0.0200 b=-0.0150 b=-0.0100 b=-0.0050 b=-0.0025 b=+0.0000 b=+0.0025 b=+0.0050 b=+0.0075 b=+0.0100 b=+0.0125 b=+0.0150 b=+0.0200 b=+0.0300 b=+0.0400 | beta_hat  gain%
1   EOHP  |  0.237  0.218  0.193  0.169  0.157  0.147  0.134  0.122  0.109  0.098  0.087  0.076  0.057  0.042  0.067 | +0.0300   71.3
1   MOHP  |  0.148  0.113  0.083  0.060  0.053  0.042  0.043  0.048  0.056  0.067  0.078  0.090  0.114  0.163  0.213 | +0.0000    0.0
1   WOHP  |  0.066  0.067  0.078  0.110  0.116  0.119  0.130  0.142  0.154  0.166  0.178  0.191  0.215  0.265  0.313 | -0.0200   44.8
2   EOHP  |  0.347  0.313  0.281  0.249  0.237  0.216  0.200  0.185  0.169  0.154  0.140  0.126  0.101  0.071  0.085 | +0.0300   67.2
2   MOHP  |  0.251  0.194  0.152  0.114  0.098  0.081  0.073  0.070  0.073  0.081  0.094  0.109  0.142  0.214  0.286 | +0.0050   14.2
2   WOHP  |  0.109  0.115  0.138  0.172  0.190  0.210  0.230  0.250  0.270  0.291  0.312  0.332  0.373  0.452  0.528 | -0.0200   48.0
3   EOHP  |  1.114  0.790  0.557  0.423  0.379  0.344  0.319  0.300  0.288  0.281  0.280  0.283  0.303  0.375  0.465 | +0.0125   18.7
3   MOHP  |  1.240  1.032  0.909  0.835  0.812  0.784  0.780  0.782  0.790  0.802  0.819  0.839  0.891  1.017  1.155 | +0.0025    0.5
C:\Users\xamii\anaconda3\Lib\site-packages\scipy\integrate\_ivp\lsoda.py:161: UserWarning: lsoda: Repeated error test failures (internal error).
  solver._y, solver.t = integrator.run(
3   WOHP  |  0.878  0.609  0.435  0.365  0.366  0.332  0.396  0.459  0.520  0.580  0.639  0.703  0.812  1.019  1.202 | +0.0000    0.0

=== B) LORO transfer: fit (a,k0,r,d,Tcool)+beta on 2 runs, simulate held-out run ===
fluid held-out | beta_hat(train) | hold RMSE @b=0 / @b_hat / @best | verdict
EOHP  R1      | +0.0000          | 0.754 / 0.754 / 0.319 (b=-0.010) | does NOT transfer
EOHP  R2      | -0.0100          | 0.230 / 0.474 / 0.230 (b=+0.000) | does NOT transfer
EOHP  R3      | -0.0100          | 0.765 / 0.502 / 0.487 (b=-0.005) | transfers

MOHP  R1      | +0.0050          | 0.187 / 0.486 / 0.187 (b=+0.000) | does NOT transfer
MOHP  R2      | +0.0000          | 0.281 / 0.281 / 0.163 (b=+0.005) | does NOT transfer
MOHP  R3      | -0.0050          | 0.833 / 1.091 / 0.833 (b=+0.000) | does NOT transfer

WOHP  R1      | -0.0050          | 0.153 / 0.524 / 0.153 (b=+0.000) | does NOT transfer
WOHP  R2      | +0.0000          | 0.239 / 0.239 / 0.202 (b=-0.005) | does NOT transfer
WOHP  R3      | +0.0050          | 0.358 / 0.781 / 0.358 (b=+0.000) | does NOT transfer

DONE in 22.7 min
