exported rate x0.5
exported rate x1
exported rate x2
exported loo-1
exported loo-2
exported loo-3
exported loo-4
exported loo-5
exported loo-6
exported loo-7
exported loo-8
exported loo-9

=== headline metrics (final fit, rate-rescale band, jackknife LOO band) ===
A_ramp60_tau150    dev_mae    E:   2.76 [  2.66,  2.81] [  2.61,  3.02]  M:   4.83 [  4.63,  4.94] [  4.77,  4.90]  W:   5.78 [  5.53,  5.92] [  5.75,  5.82]
A_ramp60_tau150    ripple     E:   0.03 [  0.02,  0.04] [  0.02,  0.03]  M:   0.06 [  0.06,  0.09] [  0.04,  0.06]  W:   0.07 [  0.07,  0.11] [  0.05,  0.08]
A_ramp60_tau150    lag_K      E:   2.76 [  2.66,  2.81] [  2.61,  3.02]  M:   4.83 [  4.63,  4.94] [  4.77,  4.90]  W:   5.78 [  5.53,  5.92] [  5.75,  5.82]
A_ramp60_tau150    settle_s   E: 661.00 [611.00,837.00] [647.00,672.00]  M: 732.00 [654.00,1015.00] [708.00,767.00]  W: 767.00 [676.00,1096.00] [724.00,788.00]
A_ramp60_tau150    dev_max    E:   2.78 [  2.69,  2.83] [  2.63,  3.04]  M:   4.86 [  4.68,  4.98] [  4.81,  4.93]  W:   5.83 [  5.60,  5.99] [  5.79,  5.87]
A_ramp60_tau300    dev_mae    E:   2.77 [  2.67,  2.83] [  2.62,  3.03]  M:   4.84 [  4.64,  4.97] [  4.79,  4.91]  W:   5.80 [  5.55,  5.97] [  5.77,  5.84]
A_ramp60_tau300    ripple     E:   0.15 [  0.15,  0.21] [  0.14,  0.16]  M:   0.20 [  0.20,  0.32] [  0.18,  0.21]  W:   0.22 [  0.22,  0.40] [  0.19,  0.23]
A_ramp60_tau300    lag_K      E:   2.77 [  2.67,  2.83] [  2.62,  3.03]  M:   4.84 [  4.64,  4.97] [  4.79,  4.91]  W:   5.80 [  5.55,  5.96] [  5.77,  5.84]
A_ramp60_tau300    settle_s   E: 1191.00 [1158.00,1305.00] [1179.00,1198.00]  M: 1237.00 [1194.00,1427.00] [1218.00,1259.00]  W: 1259.00 [1212.00,1486.00] [1228.00,1272.00]
A_ramp60_tau300    dev_max    E:   2.91 [  2.81,  3.01] [  2.75,  3.17]  M:   5.01 [  4.81,  5.25] [  4.96,  5.08]  W:   5.98 [  5.73,  6.30] [  5.95,  6.02]
A_ramp60_tau600    dev_mae    E:   2.86 [  2.72,  3.03] [  2.71,  3.13]  M:   4.98 [  4.72,  5.27] [  4.94,  5.04]  W:   5.95 [  5.64,  6.31] [  5.92,  5.99]
A_ramp60_tau600    ripple     E:   2.16 [  2.05,  2.51] [  2.13,  2.18]  M:   2.21 [  2.07,  2.76] [  2.16,  2.28]  W:   2.24 [  2.07,  2.89] [  2.15,  2.27]
A_ramp60_tau600    lag_K      E:   2.86 [  2.72,  3.03] [  2.71,  3.13]  M:   4.98 [  4.72,  5.27] [  4.94,  5.04]  W:   5.95 [  5.64,  6.30] [  5.92,  5.98]
A_ramp60_tau600    settle_s   E: 1861.00 [1830.00,1942.00] [1854.00,1866.00]  M: 1890.00 [1844.00,2022.00] [1879.00,1906.00]  W: 1903.00 [1850.00,2062.00] [1884.00,1913.00]
A_ramp60_tau600    dev_max    E:   4.92 [  4.70,  5.32] [  4.77,  5.19]  M:   7.03 [  6.67,  7.69] [  6.99,  7.09]  W:   8.00 [  7.58,  8.79] [  7.94,  8.03]
A_ramp75_tau150    dev_mae    E:   3.75 [  3.62,  3.82] [  3.55,  4.10]  M:   6.56 [  6.28,  6.71] [  6.49,  6.65]  W:   7.85 [  7.51,  8.04] [  7.80,  7.91]
A_ramp75_tau150    ripple     E:   0.03 [  0.03,  0.06] [  0.02,  0.04]  M:   0.07 [  0.07,  0.12] [  0.05,  0.08]  W:   0.09 [  0.09,  0.15] [  0.07,  0.11]
A_ramp75_tau150    lag_K      E:   3.75 [  3.62,  3.82] [  3.55,  4.10]  M:   6.56 [  6.28,  6.71] [  6.49,  6.65]  W:   7.85 [  7.51,  8.04] [  7.80,  7.91]
A_ramp75_tau150    settle_s   E: 713.00 [667.00,896.00] [698.00,725.00]  M: 791.00 [720.00,1090.00] [766.00,825.00]  W: 830.00 [748.00,1180.00] [785.00,852.00]
A_ramp75_tau150    dev_max    E:   3.77 [  3.65,  3.84] [  3.57,  4.12]  M:   6.61 [  6.36,  6.77] [  6.54,  6.70]  W:   7.91 [  7.61,  8.14] [  7.86,  7.97]
A_ramp75_tau300    dev_mae    E:   3.76 [  3.63,  3.84] [  3.56,  4.11]  M:   6.58 [  6.30,  6.76] [  6.51,  6.67]  W:   7.87 [  7.53,  8.10] [  7.83,  7.93]
A_ramp75_tau300    ripple     E:   0.21 [  0.21,  0.28] [  0.20,  0.22]  M:   0.27 [  0.27,  0.44] [  0.24,  0.29]  W:   0.30 [  0.30,  0.55] [  0.27,  0.32]
A_ramp75_tau300    lag_K      E:   3.76 [  3.63,  3.84] [  3.56,  4.11]  M:   6.58 [  6.30,  6.75] [  6.51,  6.67]  W:   7.87 [  7.53,  8.10] [  7.83,  7.93]
A_ramp75_tau300    settle_s   E: 1290.00 [1261.00,1403.00] [1278.00,1299.00]  M: 1341.00 [1306.00,1531.00] [1320.00,1362.00]  W: 1366.00 [1328.00,1594.00] [1333.00,1378.00]
A_ramp75_tau300    dev_max    E:   3.95 [  3.81,  4.09] [  3.74,  4.30]  M:   6.81 [  6.53,  7.13] [  6.75,  6.90]  W:   8.12 [  7.79,  8.56] [  8.08,  8.18]
A_ramp75_tau600    dev_mae    E:   3.89 [  3.70,  4.12] [  3.68,  4.24]  M:   6.76 [  6.41,  7.16] [  6.72,  6.85]  W:   8.08 [  7.66,  8.57] [  8.04,  8.13]
A_ramp75_tau600    ripple     E:   2.97 [  2.82,  3.45] [  2.93,  2.99]  M:   3.04 [  2.84,  3.80] [  2.97,  3.13]  W:   3.07 [  2.85,  3.97] [  2.95,  3.13]
A_ramp75_tau600    lag_K      E:   3.89 [  3.70,  4.12] [  3.68,  4.24]  M:   6.76 [  6.41,  7.16] [  6.72,  6.85]  W:   8.08 [  7.65,  8.57] [  8.04,  8.13]
A_ramp75_tau600    settle_s   E: 1886.00 [1843.00,1992.00] [1877.00,1893.00]  M: 1927.00 [1863.00,2093.00] [1912.00,1947.00]  W: 1945.00 [1874.00,2141.00] [1920.00,1957.00]
A_ramp75_tau600    dev_max    E:   6.72 [  6.42,  7.26] [  6.51,  7.08]  M:   9.58 [  9.10, 10.49] [  9.54,  9.66]  W:  10.90 [ 10.32, 11.99] [ 10.82, 10.94]
A_ramp90_tau150    dev_mae    E:   4.74 [  4.57,  4.83] [  4.48,  5.17]  M:   8.29 [  7.94,  8.48] [  8.21,  8.40]  W:   9.92 [  9.49, 10.16] [  9.85,  9.99]
A_ramp90_tau150    ripple     E:   0.04 [  0.03,  0.07] [  0.03,  0.05]  M:   0.09 [  0.09,  0.15] [  0.07,  0.10]  W:   0.12 [  0.12,  0.19] [  0.09,  0.13]
A_ramp90_tau150    lag_K      E:   4.74 [  4.57,  4.83] [  4.48,  5.17]  M:   8.29 [  7.94,  8.48] [  8.21,  8.40]  W:   9.92 [  9.49, 10.16] [  9.85,  9.99]
A_ramp90_tau150    settle_s   E: 753.00 [710.00,940.00] [738.00,766.00]  M: 837.00 [775.00,1148.00] [810.00,871.00]  W: 880.00 [811.00,1245.00] [833.00,903.00]
A_ramp90_tau150    dev_max    E:   4.77 [  4.62,  4.85] [  4.51,  5.20]  M:   8.35 [  8.04,  8.55] [  8.27,  8.47]  W:   9.99 [  9.61, 10.28] [  9.93, 10.07]
A_ramp90_tau300    dev_mae    E:   4.75 [  4.58,  4.86] [  4.49,  5.19]  M:   8.31 [  7.96,  8.54] [  8.23,  8.43]  W:   9.95 [  9.52, 10.24] [  9.88, 10.02]
A_ramp90_tau300    ripple     E:   0.27 [  0.27,  0.36] [  0.25,  0.28]  M:   0.35 [  0.35,  0.56] [  0.31,  0.36]  W:   0.38 [  0.38,  0.70] [  0.34,  0.40]
A_ramp90_tau300    lag_K      E:   4.75 [  4.58,  4.86] [  4.49,  5.19]  M:   8.31 [  7.96,  8.54] [  8.23,  8.43]  W:   9.95 [  9.52, 10.24] [  9.88, 10.02]
A_ramp90_tau300    settle_s   E: 1366.00 [1340.00,1478.00] [1353.00,1375.00]  M: 1421.00 [1393.00,1610.00] [1399.00,1442.00]  W: 1448.00 [1420.00,1676.00] [1414.00,1461.00]
A_ramp90_tau300    dev_max    E:   4.99 [  4.82,  5.18] [  4.73,  5.43]  M:   8.60 [  8.26,  9.02] [  8.54,  8.72]  W:  10.27 [  9.84, 10.82] [ 10.21, 10.33]
A_ramp90_tau600    dev_mae    E:   4.91 [  4.67,  5.21] [  4.65,  5.36]  M:   8.54 [  8.10,  9.06] [  8.49,  8.65]  W:  10.21 [  9.68, 10.83] [ 10.16, 10.28]
A_ramp90_tau600    ripple     E:   3.78 [  3.58,  4.39] [  3.72,  3.81]  M:   3.87 [  3.61,  4.83] [  3.78,  3.98]  W:   3.91 [  3.62,  5.05] [  3.76,  3.98]
A_ramp90_tau600    lag_K      E:   4.91 [  4.67,  5.20] [  4.65,  5.36]  M:   8.54 [  8.10,  9.05] [  8.49,  8.65]  W:  10.21 [  9.67, 10.83] [ 10.16, 10.27]
A_ramp90_tau600    settle_s   E: 1906.00 [1853.00,2029.00] [1894.00,1914.00]  M: 1955.00 [1879.00,2146.00] [1938.00,1979.00]  W: 1978.00 [1892.00,2201.00] [1947.00,1992.00]
A_ramp90_tau600    dev_max    E:   8.51 [  8.14,  9.21] [  8.25,  8.97]  M:  12.14 [ 11.52, 13.29] [ 12.08, 12.23]  W:  13.80 [ 13.07, 15.18] [ 13.69, 13.85]
B_cyc60            dev_mae    E:  17.70 [ 17.64, 17.74] [ 17.61, 17.87]  M:  18.97 [ 18.84, 19.04] [ 18.92, 19.01]  W:  19.55 [ 19.39, 19.64] [ 19.53, 19.59]
B_cyc60            ripple     E:  30.95 [ 28.94, 31.61] [ 30.64, 31.12]  M:  28.60 [ 25.16, 29.66] [ 28.29, 28.79]  W:  27.51 [ 23.49, 28.77] [ 27.32, 27.90]
B_cyc60            lag_K      E:   1.70 [  1.63,  1.73] [  1.60,  1.86]  M:   2.97 [  2.83,  3.04] [  2.92,  3.01]  W:   3.55 [  3.38,  3.64] [  3.52,  3.58]
B_cyc60            settle_s   E:    nan [   nan,   nan] [   nan,   nan]  M:    nan [   nan,   nan] [   nan,   nan]  W:    nan [   nan,   nan] [   nan,   nan]
B_cyc60            dev_max    E:  33.18 [ 32.20, 33.44] [ 33.14, 33.26]  M:  33.27 [ 31.62, 33.66] [ 33.06, 33.40]  W:  33.31 [ 31.38, 33.77] [ 33.20, 33.53]
B_cyc75            dev_mae    E:  25.70 [ 25.61, 25.74] [ 25.58, 25.90]  M:  27.33 [ 27.16, 27.42] [ 27.27, 27.38]  W:  28.08 [ 27.87, 28.20] [ 28.06, 28.12]
B_cyc75            ripple     E:  43.17 [ 40.36, 44.08] [ 42.73, 43.40]  M:  39.89 [ 35.09, 41.37] [ 39.46, 40.15]  W:  38.37 [ 32.76, 40.12] [ 38.10, 38.91]
B_cyc75            lag_K      E:   2.19 [  2.10,  2.23] [  2.07,  2.40]  M:   3.82 [  3.65,  3.92] [  3.77,  3.87]  W:   4.58 [  4.36,  4.69] [  4.55,  4.61]
B_cyc75            settle_s   E:    nan [   nan,   nan] [   nan,   nan]  M:    nan [   nan,   nan] [   nan,   nan]  W:    nan [   nan,   nan] [   nan,   nan]
B_cyc75            dev_max    E:  47.28 [ 45.92, 47.65] [ 47.23, 47.39]  M:  47.28 [ 44.96, 47.84] [ 47.00, 47.45]  W:  47.27 [ 44.57, 47.93] [ 47.11, 47.57]
B_cyc90            dev_mae    E:  33.69 [ 33.59, 33.74] [ 33.54, 33.94]  M:  35.69 [ 35.48, 35.81] [ 35.63, 35.75]  W:  36.61 [ 36.35, 36.75] [ 36.59, 36.65]
B_cyc90            ripple     E:  55.39 [ 51.78, 56.56] [ 54.82, 55.69]  M:  51.18 [ 45.02, 53.07] [ 50.62, 51.51]  W:  49.23 [ 42.03, 51.48] [ 48.88, 49.93]
B_cyc90            lag_K      E:   2.68 [  2.58,  2.74] [  2.53,  2.93]  M:   4.68 [  4.47,  4.80] [  4.62,  4.75]  W:   5.60 [  5.34,  5.74] [  5.58,  5.64]
B_cyc90            settle_s   E:    nan [   nan,   nan] [   nan,   nan]  M:    nan [   nan,   nan] [   nan,   nan]  W:    nan [   nan,   nan] [   nan,   nan]
B_cyc90            dev_max    E:  61.38 [ 59.63, 61.86] [ 61.31, 61.51]  M:  61.28 [ 58.31, 62.01] [ 60.94, 61.49]  W:  61.22 [ 57.76, 62.09] [ 61.03, 61.61]
C_slug60           dev_mae    E:   2.55 [  2.52,  2.62] [  2.40,  2.81]  M:   4.64 [  4.44,  4.78] [  4.59,  4.71]  W:   5.61 [  5.36,  5.79] [  5.58,  5.65]
C_slug60           ripple     E:   2.81 [  1.62,  4.49] [  2.65,  3.01]  M:   2.04 [  1.17,  3.42] [  1.84,  2.19]  W:   1.81 [  1.04,  3.07] [  1.72,  2.05]
C_slug60           lag_K      E:   2.79 [  2.69,  2.86] [  2.64,  3.05]  M:   4.88 [  4.68,  5.02] [  4.83,  4.95]  W:   5.84 [  5.60,  6.03] [  5.81,  5.89]
C_slug60           settle_s   E:    nan [   nan,   nan] [   nan,   nan]  M:    nan [   nan,   nan] [   nan,   nan]  W:    nan [   nan,   nan] [   nan,   nan]
C_slug60           dev_max    E:   2.91 [  2.81,  3.01] [  2.75,  3.17]  M:   5.01 [  4.81,  5.25] [  4.96,  5.08]  W:   5.98 [  5.73,  6.30] [  5.95,  6.02]
C_slug75           dev_mae    E:   3.55 [  3.43,  3.63] [  3.34,  3.90]  M:   6.38 [  6.11,  6.57] [  6.32,  6.47]  W:   7.69 [  7.35,  7.93] [  7.64,  7.74]
C_slug75           ripple     E:   2.83 [  1.64,  4.52] [  2.67,  3.03]  M:   2.07 [  1.19,  3.45] [  1.86,  2.21]  W:   1.83 [  1.06,  3.10] [  1.74,  2.07]
C_slug75           lag_K      E:   3.78 [  3.65,  3.87] [  3.58,  4.13]  M:   6.62 [  6.35,  6.81] [  6.55,  6.71]  W:   7.93 [  7.59,  8.17] [  7.88,  7.98]
C_slug75           settle_s   E:    nan [   nan,   nan] [   nan,   nan]  M:    nan [   nan,   nan] [   nan,   nan]  W:    nan [   nan,   nan] [   nan,   nan]
C_slug75           dev_max    E:   3.95 [  3.81,  4.09] [  3.74,  4.30]  M:   6.81 [  6.53,  7.13] [  6.75,  6.90]  W:   8.12 [  7.79,  8.56] [  8.08,  8.18]
C_slug90           dev_mae    E:   4.54 [  4.37,  4.65] [  4.28,  4.98]  M:   8.12 [  7.78,  8.36] [  8.04,  8.24]  W:   9.77 [  9.34, 10.08] [  9.70,  9.84]
C_slug90           ripple     E:   2.85 [  1.66,  4.55] [  2.69,  3.06]  M:   2.09 [  1.21,  3.47] [  1.88,  2.24]  W:   1.85 [  1.09,  3.12] [  1.76,  2.10]
C_slug90           lag_K      E:   4.78 [  4.61,  4.89] [  4.52,  5.22]  M:   8.36 [  8.02,  8.60] [  8.28,  8.47]  W:  10.01 [  9.58, 10.32] [  9.94, 10.08]
C_slug90           settle_s   E:    nan [   nan,   nan] [   nan,   nan]  M:    nan [   nan,   nan] [   nan,   nan]  W:    nan [   nan,   nan] [   nan,   nan]
C_slug90           dev_max    E:   4.99 [  4.82,  5.18] [  4.73,  5.43]  M:   8.60 [  8.26,  9.02] [  8.54,  8.72]  W:  10.27 [  9.84, 10.82] [ 10.21, 10.33]

=== ordering stability: best fluid per (case, metric) across variants ===
dev_mae  : {'EOHP': 1.0}
ripple   : {'EOHP': 0.6, 'WOHP': 0.4}
lag_K    : {'EOHP': 1.0}
settle_s : {'EOHP': 1.0}
dev_max  : {'EOHP': 0.88, 'WOHP': 0.09, 'MOHP': 0.02}
DONE
